Archive member included to satisfy reference by file (symbol)

/home/mateus/Ac6/SystemWorkbench/plugins/fr.ac6.mcu.externaltools.arm-none.linux64_1.15.0.201708311556/tools/compiler/bin/../lib/gcc/arm-none-eabi/6.3.1/thumb/v6-m/libgcc.a(_udivsi3.o)
                              StdPeriph_Driver/src/stm32f0xx_rcc.o (__aeabi_uidiv)
/home/mateus/Ac6/SystemWorkbench/plugins/fr.ac6.mcu.externaltools.arm-none.linux64_1.15.0.201708311556/tools/compiler/bin/../lib/gcc/arm-none-eabi/6.3.1/thumb/v6-m/libgcc.a(_dvmd_tls.o)
                              /home/mateus/Ac6/SystemWorkbench/plugins/fr.ac6.mcu.externaltools.arm-none.linux64_1.15.0.201708311556/tools/compiler/bin/../lib/gcc/arm-none-eabi/6.3.1/thumb/v6-m/libgcc.a(_udivsi3.o) (__aeabi_idiv0)
/home/mateus/Ac6/SystemWorkbench/plugins/fr.ac6.mcu.externaltools.arm-none.linux64_1.15.0.201708311556/tools/compiler/bin/../lib/gcc/arm-none-eabi/6.3.1/../../../../arm-none-eabi/lib/thumb/v6-m/libc.a(lib_a-errno.o)
                              src/syscalls.o (__errno)
/home/mateus/Ac6/SystemWorkbench/plugins/fr.ac6.mcu.externaltools.arm-none.linux64_1.15.0.201708311556/tools/compiler/bin/../lib/gcc/arm-none-eabi/6.3.1/../../../../arm-none-eabi/lib/thumb/v6-m/libc.a(lib_a-exit.o)
                              /home/mateus/Ac6/SystemWorkbench/plugins/fr.ac6.mcu.externaltools.arm-none.linux64_1.15.0.201708311556/tools/compiler/bin/../lib/gcc/arm-none-eabi/6.3.1/../../../../arm-none-eabi/lib/thumb/v6-m/crt0.o (exit)
/home/mateus/Ac6/SystemWorkbench/plugins/fr.ac6.mcu.externaltools.arm-none.linux64_1.15.0.201708311556/tools/compiler/bin/../lib/gcc/arm-none-eabi/6.3.1/../../../../arm-none-eabi/lib/thumb/v6-m/libc.a(lib_a-impure.o)
                              /home/mateus/Ac6/SystemWorkbench/plugins/fr.ac6.mcu.externaltools.arm-none.linux64_1.15.0.201708311556/tools/compiler/bin/../lib/gcc/arm-none-eabi/6.3.1/../../../../arm-none-eabi/lib/thumb/v6-m/libc.a(lib_a-exit.o) (_global_impure_ptr)
/home/mateus/Ac6/SystemWorkbench/plugins/fr.ac6.mcu.externaltools.arm-none.linux64_1.15.0.201708311556/tools/compiler/bin/../lib/gcc/arm-none-eabi/6.3.1/../../../../arm-none-eabi/lib/thumb/v6-m/libc.a(lib_a-init.o)
                              /home/mateus/Ac6/SystemWorkbench/plugins/fr.ac6.mcu.externaltools.arm-none.linux64_1.15.0.201708311556/tools/compiler/bin/../lib/gcc/arm-none-eabi/6.3.1/../../../../arm-none-eabi/lib/thumb/v6-m/crt0.o (__libc_init_array)
/home/mateus/Ac6/SystemWorkbench/plugins/fr.ac6.mcu.externaltools.arm-none.linux64_1.15.0.201708311556/tools/compiler/bin/../lib/gcc/arm-none-eabi/6.3.1/../../../../arm-none-eabi/lib/thumb/v6-m/libc.a(lib_a-memset.o)
                              /home/mateus/Ac6/SystemWorkbench/plugins/fr.ac6.mcu.externaltools.arm-none.linux64_1.15.0.201708311556/tools/compiler/bin/../lib/gcc/arm-none-eabi/6.3.1/../../../../arm-none-eabi/lib/thumb/v6-m/crt0.o (memset)
/home/mateus/Ac6/SystemWorkbench/plugins/fr.ac6.mcu.externaltools.arm-none.linux64_1.15.0.201708311556/tools/compiler/bin/../lib/gcc/arm-none-eabi/6.3.1/../../../../arm-none-eabi/lib/thumb/v6-m/libc.a(lib_a-__call_atexit.o)
                              /home/mateus/Ac6/SystemWorkbench/plugins/fr.ac6.mcu.externaltools.arm-none.linux64_1.15.0.201708311556/tools/compiler/bin/../lib/gcc/arm-none-eabi/6.3.1/../../../../arm-none-eabi/lib/thumb/v6-m/libc.a(lib_a-exit.o) (__call_exitprocs)
/home/mateus/Ac6/SystemWorkbench/plugins/fr.ac6.mcu.externaltools.arm-none.linux64_1.15.0.201708311556/tools/compiler/bin/../lib/gcc/arm-none-eabi/6.3.1/../../../../arm-none-eabi/lib/thumb/v6-m/libc.a(lib_a-atexit.o)
                              /home/mateus/Ac6/SystemWorkbench/plugins/fr.ac6.mcu.externaltools.arm-none.linux64_1.15.0.201708311556/tools/compiler/bin/../lib/gcc/arm-none-eabi/6.3.1/../../../../arm-none-eabi/lib/thumb/v6-m/libc.a(lib_a-__call_atexit.o) (atexit)
/home/mateus/Ac6/SystemWorkbench/plugins/fr.ac6.mcu.externaltools.arm-none.linux64_1.15.0.201708311556/tools/compiler/bin/../lib/gcc/arm-none-eabi/6.3.1/../../../../arm-none-eabi/lib/thumb/v6-m/libc.a(lib_a-fini.o)
                              /home/mateus/Ac6/SystemWorkbench/plugins/fr.ac6.mcu.externaltools.arm-none.linux64_1.15.0.201708311556/tools/compiler/bin/../lib/gcc/arm-none-eabi/6.3.1/../../../../arm-none-eabi/lib/thumb/v6-m/libc.a(lib_a-__call_atexit.o) (__libc_fini_array)
/home/mateus/Ac6/SystemWorkbench/plugins/fr.ac6.mcu.externaltools.arm-none.linux64_1.15.0.201708311556/tools/compiler/bin/../lib/gcc/arm-none-eabi/6.3.1/../../../../arm-none-eabi/lib/thumb/v6-m/libc.a(lib_a-lock.o)
                              /home/mateus/Ac6/SystemWorkbench/plugins/fr.ac6.mcu.externaltools.arm-none.linux64_1.15.0.201708311556/tools/compiler/bin/../lib/gcc/arm-none-eabi/6.3.1/../../../../arm-none-eabi/lib/thumb/v6-m/libc.a(lib_a-__call_atexit.o) (__retarget_lock_acquire_recursive)
[...]
Memory Configuration

Name             Origin             Length             Attributes
RAM              0x0000000020000000 0x0000000000001800 xrw
ROM              0x0000000008000000 0x0000000000008000 xr
*default*        0x0000000000000000 0xffffffffffffffff

Linker script and memory map

LOAD /home/mateus/Ac6/SystemWorkbench/plugins/fr.ac6.mcu.externaltools.arm-none.linux64_1.15.0.201708311556/tools/compiler/bin/../lib/gcc/arm-none-eabi/6.3.1/thumb/v6-m/crti.o
LOAD /home/mateus/Ac6/SystemWorkbench/plugins/fr.ac6.mcu.externaltools.arm-none.linux64_1.15.0.201708311556/tools/compiler/bin/../lib/gcc/arm-none-eabi/6.3.1/thumb/v6-m/crtbegin.o
LOAD /home/mateus/Ac6/SystemWorkbench/plugins/fr.ac6.mcu.externaltools.arm-none.linux64_1.15.0.201708311556/tools/compiler/bin/../lib/gcc/arm-none-eabi/6.3.1/../../../../arm-none-eabi/lib/thumb/v6-m/crt0.o
LOAD StdPeriph_Driver/src/stm32f0xx_adc.o
LOAD StdPeriph_Driver/src/stm32f0xx_can.o
LOAD StdPeriph_Driver/src/stm32f0xx_cec.o
LOAD StdPeriph_Driver/src/stm32f0xx_comp.o
LOAD StdPeriph_Driver/src/stm32f0xx_crc.o
LOAD StdPeriph_Driver/src/stm32f0xx_crs.o
LOAD StdPeriph_Driver/src/stm32f0xx_dac.o
LOAD StdPeriph_Driver/src/stm32f0xx_dbgmcu.o
LOAD StdPeriph_Driver/src/stm32f0xx_dma.o
LOAD StdPeriph_Driver/src/stm32f0xx_exti.o
LOAD StdPeriph_Driver/src/stm32f0xx_flash.o
LOAD StdPeriph_Driver/src/stm32f0xx_gpio.o
LOAD StdPeriph_Driver/src/stm32f0xx_iwdg.o
LOAD StdPeriph_Driver/src/stm32f0xx_misc.o
LOAD StdPeriph_Driver/src/stm32f0xx_pwr.o
LOAD StdPeriph_Driver/src/stm32f0xx_rcc.o
LOAD StdPeriph_Driver/src/stm32f0xx_rtc.o
LOAD StdPeriph_Driver/src/stm32f0xx_spi.o
LOAD StdPeriph_Driver/src/stm32f0xx_syscfg.o
LOAD StdPeriph_Driver/src/stm32f0xx_tim.o
LOAD StdPeriph_Driver/src/stm32f0xx_usart.o
LOAD StdPeriph_Driver/src/stm32f0xx_wwdg.o
LOAD src/delay.o
LOAD src/gpio.o
LOAD src/ibutton.o
LOAD src/main.o
LOAD src/oneWire.o
LOAD src/syscalls.o
LOAD src/system_stm32f0xx.o
LOAD src/usart.o
LOAD startup/startup_stm32f042.o
LOAD /home/mateus/Ac6/SystemWorkbench/plugins/fr.ac6.mcu.externaltools.arm-none.linux64_1.15.0.201708311556/tools/compiler/bin/../lib/gcc/arm-none-eabi/6.3.1/../../../../arm-none-eabi/lib/thumb/v6-m/libm.a
START GROUP
LOAD /home/mateus/Ac6/SystemWorkbench/plugins/fr.ac6.mcu.externaltools.arm-none.linux64_1.15.0.201708311556/tools/compiler/bin/../lib/gcc/arm-none-eabi/6.3.1/thumb/v6-m/libgcc.a
LOAD /home/mateus/Ac6/SystemWorkbench/plugins/fr.ac6.mcu.externaltools.arm-none.linux64_1.15.0.201708311556/tools/compiler/bin/../lib/gcc/arm-none-eabi/6.3.1/../../../../arm-none-eabi/lib/thumb/v6-m/libc.a
END GROUP
LOAD /home/mateus/Ac6/SystemWorkbench/plugins/fr.ac6.mcu.externaltools.arm-none.linux64_1.15.0.201708311556/tools/compiler/bin/../lib/gcc/arm-none-eabi/6.3.1/thumb/v6-m/crtend.o
LOAD /home/mateus/Ac6/SystemWorkbench/plugins/fr.ac6.mcu.externaltools.arm-none.linux64_1.15.0.201708311556/tools/compiler/bin/../lib/gcc/arm-none-eabi/6.3.1/thumb/v6-m/crtn.o
                0x0000000020001800                _estack = 0x20001800
                0x0000000000000000                _Min_Heap_Size = 0x0
                0x0000000000000400                _Min_Stack_Size = 0x400

.isr_vector     0x0000000008000000       0xc0
                0x0000000008000000                . = ALIGN (0x4)
 *(.isr_vector)
 .isr_vector    0x0000000008000000       0xc0 startup/startup_stm32f042.o
                0x0000000008000000                g_pfnVectors
                0x00000000080000c0                . = ALIGN (0x4)

.text           0x00000000080000c0     0x1964
                0x00000000080000c0                . = ALIGN (0x4)
 *(.text)
 .text          0x00000000080000c0       0x60 /home/mateus/Ac6/SystemWorkbench/plugins/fr.ac6.mcu.externaltools.arm-none.linux64_1.15.0.201708311556/tools/compiler/bin/../lib/gcc/arm-none-eabi/6.3.1/thumb/v6-m/crtbegin.o
 .text          0x0000000008000120      0x114 /home/mateus/Ac6/SystemWorkbench/plugins/fr.ac6.mcu.externaltools.arm-none.linux64_1.15.0.201708311556/tools/compiler/bin/../lib/gcc/arm-none-eabi/6.3.1/thumb/v6-m/libgcc.a(_udivsi3.o)
                0x0000000008000120                __udivsi3
                0x0000000008000120                __aeabi_uidiv
                0x000000000800022c                __aeabi_uidivmod
 .text          0x0000000008000234        0x4 /home/mateus/Ac6/SystemWorkbench/plugins/fr.ac6.mcu.externaltools.arm-none.linux64_1.15.0.201708311556/tools/compiler/bin/../lib/gcc/arm-none-eabi/6.3.1/thumb/v6-m/libgcc.a(_dvmd_tls.o)
                0x0000000008000234                __aeabi_ldiv0
                0x0000000008000234                __aeabi_idiv0
 *(.text*)
 .text.GPIO_Init
                0x0000000008000238      0x126 StdPeriph_Driver/src/stm32f0xx_gpio.o
                0x0000000008000238                GPIO_Init
 .text.GPIO_ReadInputDataBit
                0x000000000800035e       0x48 StdPeriph_Driver/src/stm32f0xx_gpio.o
                0x000000000800035e                GPIO_ReadInputDataBit
 .text.GPIO_SetBits
                0x00000000080003a6       0x1e StdPeriph_Driver/src/stm32f0xx_gpio.o
                0x00000000080003a6                GPIO_SetBits
 .text.GPIO_ResetBits
                0x00000000080003c4       0x1e StdPeriph_Driver/src/stm32f0xx_gpio.o
                0x00000000080003c4                GPIO_ResetBits
 .text.GPIO_PinAFConfig
                0x00000000080003e2       0xa4 StdPeriph_Driver/src/stm32f0xx_gpio.o
                0x00000000080003e2                GPIO_PinAFConfig
 *fill*         0x0000000008000486        0x2 
 .text.NVIC_Init
                0x0000000008000488       0xac StdPeriph_Driver/src/stm32f0xx_misc.o
                0x0000000008000488                NVIC_Init
 .text.RCC_GetClocksFreq
                0x0000000008000534      0x2e0 StdPeriph_Driver/src/stm32f0xx_rcc.o
                0x0000000008000534                RCC_GetClocksFreq
 .text.RCC_AHBPeriphClockCmd
                0x0000000008000814       0x40 StdPeriph_Driver/src/stm32f0xx_rcc.o
                0x0000000008000814                RCC_AHBPeriphClockCmd
 .text.RCC_APB2PeriphClockCmd
                0x0000000008000854       0x40 StdPeriph_Driver/src/stm32f0xx_rcc.o
                0x0000000008000854                RCC_APB2PeriphClockCmd
 .text.RCC_APB1PeriphClockCmd
                0x0000000008000894       0x40 StdPeriph_Driver/src/stm32f0xx_rcc.o
                0x0000000008000894                RCC_APB1PeriphClockCmd
 .text.TIM_TimeBaseInit
                0x00000000080008d4       0xf0 StdPeriph_Driver/src/stm32f0xx_tim.o
                0x00000000080008d4                TIM_TimeBaseInit
 .text.TIM_TimeBaseStructInit
                0x00000000080009c4       0x30 StdPeriph_Driver/src/stm32f0xx_tim.o
                0x00000000080009c4                TIM_TimeBaseStructInit
 .text.TIM_Cmd  0x00000000080009f4       0x40 StdPeriph_Driver/src/stm32f0xx_tim.o
                0x00000000080009f4                TIM_Cmd
 .text.USART_Init
                0x0000000008000a34      0x18c StdPeriph_Driver/src/stm32f0xx_usart.o
                0x0000000008000a34                USART_Init
 .text.USART_Cmd
                0x0000000008000bc0       0x3a StdPeriph_Driver/src/stm32f0xx_usart.o
                0x0000000008000bc0                USART_Cmd
 .text.USART_SendData
                0x0000000008000bfa       0x24 StdPeriph_Driver/src/stm32f0xx_usart.o
                0x0000000008000bfa                USART_SendData
 .text.USART_ReceiveData
                0x0000000008000c1e       0x1c StdPeriph_Driver/src/stm32f0xx_usart.o
                0x0000000008000c1e                USART_ReceiveData
 .text.USART_ITConfig
                0x0000000008000c3a       0x84 StdPeriph_Driver/src/stm32f0xx_usart.o
                0x0000000008000c3a                USART_ITConfig
 .text.USART_GetFlagStatus
                0x0000000008000cbe       0x3c StdPeriph_Driver/src/stm32f0xx_usart.o
                0x0000000008000cbe                USART_GetFlagStatus
 .text.USART_GetITStatus
                0x0000000008000cfa       0xae StdPeriph_Driver/src/stm32f0xx_usart.o
                0x0000000008000cfa                USART_GetITStatus
 .text._init_us
                0x0000000008000da8       0x70 src/delay.o
                0x0000000008000da8                _init_us
 .text._stop_timer
                0x0000000008000e18       0x1e src/delay.o
                0x0000000008000e18                _stop_timer
 .text.Delay_us
                0x0000000008000e36       0x32 src/delay.o
                0x0000000008000e36                Delay_us
 .text.GPIO_Config
                0x0000000008000e68       0x5c src/gpio.o
                0x0000000008000e68                GPIO_Config
 .text.Detect_Slave_Device
                0x0000000008000ec4       0x18 src/ibutton.o
                0x0000000008000ec4                Detect_Slave_Device
 .text.hex_ascii
                0x0000000008000edc       0x86 src/ibutton.o
                0x0000000008000edc                hex_ascii
 *fill*         0x0000000008000f62        0x2 
 .text.NVIC_SetPriority
                0x0000000008000f64       0xdc src/main.o
 .text.SysTick_Config
                0x0000000008001040       0x48 src/main.o
 .text.SysTick_Handler
                0x0000000008001088       0x24 src/main.o
                0x0000000008001088                SysTick_Handler
 .text.DelayMil
                0x00000000080010ac       0x48 src/main.o
                0x00000000080010ac                DelayMil
 .text.main     0x00000000080010f4      0x114 src/main.o
                0x00000000080010f4                main
 .text.drive_OW_low
                0x0000000008001208       0x24 src/oneWire.o
                0x0000000008001208                drive_OW_low
 .text.drive_OW_high
                0x000000000800122c       0x24 src/oneWire.o
                0x000000000800122c                drive_OW_high
 .text.read_OW  0x0000000008001250       0x44 src/oneWire.o
                0x0000000008001250                read_OW
 .text.OW_reset_pulse
                0x0000000008001294       0x4c src/oneWire.o
                0x0000000008001294                OW_reset_pulse
 .text.OW_write_bit
                0x00000000080012e0       0x46 src/oneWire.o
                0x00000000080012e0                OW_write_bit
 .text.OW_read_bit
                0x0000000008001326       0x2c src/oneWire.o
                0x0000000008001326                OW_read_bit
 .text.OW_write_byte
                0x0000000008001352       0x50 src/oneWire.o
                0x0000000008001352                OW_write_byte
 .text.OW_read_byte
                0x00000000080013a2       0x48 src/oneWire.o
                0x00000000080013a2                OW_read_byte
 *fill*         0x00000000080013ea        0x2 
 .text.SystemInit
                0x00000000080013ec       0x8c src/system_stm32f0xx.o
                0x00000000080013ec                SystemInit
 .text.SystemCoreClockUpdate
                0x0000000008001478       0xd4 src/system_stm32f0xx.o
                0x0000000008001478                SystemCoreClockUpdate
 .text.SetSysClock
                0x000000000800154c       0xe0 src/system_stm32f0xx.o
 .text.USART1_LowLevel_Init
                0x000000000800162c       0x70 src/usart.o
                0x000000000800162c                USART1_LowLevel_Init
 .text.USART1_Init
                0x000000000800169c       0x60 src/usart.o
                0x000000000800169c                USART1_Init
 .text.USART1_DeInit
                0x00000000080016fc       0x14 src/usart.o
                0x00000000080016fc                USART1_DeInit
 .text.USART1_EnableRxInterrupt
                0x0000000008001710       0x3c src/usart.o
                0x0000000008001710                USART1_EnableRxInterrupt
 .text.USART1_PutByte
                0x000000000800174c       0x38 src/usart.o
                0x000000000800174c                USART1_PutByte
 .text.USART1_PutString
                0x0000000008001784       0x2c src/usart.o
                0x0000000008001784                USART1_PutString
 .text.USART1_IRQHandler
                0x00000000080017b0       0x38 src/usart.o
                0x00000000080017b0                USART1_IRQHandler
 .text.Reset_Handler
                0x00000000080017e8       0x80 startup/startup_stm32f042.o
                0x00000000080017e8                Reset_Handler
 .text.Default_Handler
                0x0000000008001868        0x2 startup/startup_stm32f042.o
                0x0000000008001868                TIM1_CC_IRQHandler
                0x0000000008001868                TSC_IRQHandler
                0x0000000008001868                HardFault_Handler
                0x0000000008001868                PendSV_Handler
                0x0000000008001868                NMI_Handler
                0x0000000008001868                I2C1_IRQHandler
                0x0000000008001868                RCC_CRS_IRQHandler
                0x0000000008001868                SPI1_IRQHandler
                0x0000000008001868                EXTI2_3_IRQHandler
                0x0000000008001868                ADC1_IRQHandler
                0x0000000008001868                TIM17_IRQHandler
                0x0000000008001868                CEC_CAN_IRQHandler
                0x0000000008001868                RTC_IRQHandler
                0x0000000008001868                PVD_VDDIO2_IRQHandler
                0x0000000008001868                TIM16_IRQHandler
                0x0000000008001868                TIM3_IRQHandler
                0x0000000008001868                EXTI4_15_IRQHandler
                0x0000000008001868                DMA1_Channel1_IRQHandler
                0x0000000008001868                Default_Handler
                0x0000000008001868                TIM14_IRQHandler
                0x0000000008001868                DMA1_Channel4_5_IRQHandler
                0x0000000008001868                EXTI0_1_IRQHandler
                0x0000000008001868                USB_IRQHandler
                0x0000000008001868                SPI2_IRQHandler
                0x0000000008001868                SVC_Handler
                0x0000000008001868                WWDG_IRQHandler
                0x0000000008001868                TIM2_IRQHandler
                0x0000000008001868                DMA1_Channel2_3_IRQHandler
                0x0000000008001868                USART2_IRQHandler
                0x0000000008001868                FLASH_IRQHandler
                0x0000000008001868                TIM1_BRK_UP_TRG_COM_IRQHandler
 *fill*         0x000000000800186a        0x2 
 .text.__libc_init_array
                0x000000000800186c       0x48 /home/mateus/Ac6/SystemWorkbench/plugins/fr.ac6.mcu.externaltools.arm-none.linux64_1.15.0.201708311556/tools/compiler/bin/../lib/gcc/arm-none-eabi/6.3.1/../../../../arm-none-eabi/lib/thumb/v6-m/libc.a(lib_a-init.o)
                0x000000000800186c                __libc_init_array
 .text.startup.register_fini
                0x00000000080018b4       0x18 /home/mateus/Ac6/SystemWorkbench/plugins/fr.ac6.mcu.externaltools.arm-none.linux64_1.15.0.201708311556/tools/compiler/bin/../lib/gcc/arm-none-eabi/6.3.1/../../../../arm-none-eabi/lib/thumb/v6-m/libc.a(lib_a-__call_atexit.o)
 .text.atexit   0x00000000080018cc       0x10 /home/mateus/Ac6/SystemWorkbench/plugins/fr.ac6.mcu.externaltools.arm-none.linux64_1.15.0.201708311556/tools/compiler/bin/../lib/gcc/arm-none-eabi/6.3.1/../../../../arm-none-eabi/lib/thumb/v6-m/libc.a(lib_a-atexit.o)
                0x00000000080018cc                atexit
 .text.__libc_fini_array
                0x00000000080018dc       0x34 /home/mateus/Ac6/SystemWorkbench/plugins/fr.ac6.mcu.externaltools.arm-none.linux64_1.15.0.201708311556/tools/compiler/bin/../lib/gcc/arm-none-eabi/6.3.1/../../../../arm-none-eabi/lib/thumb/v6-m/libc.a(lib_a-fini.o)
                0x00000000080018dc                __libc_fini_array
 .text.__retarget_lock_acquire_recursive
                0x0000000008001910        0x4 /home/mateus/Ac6/SystemWorkbench/plugins/fr.ac6.mcu.externaltools.arm-none.linux64_1.15.0.201708311556/tools/compiler/bin/../lib/gcc/arm-none-eabi/6.3.1/../../../../arm-none-eabi/lib/thumb/v6-m/libc.a(lib_a-lock.o)
                0x0000000008001910                __retarget_lock_acquire_recursive
 .text.__retarget_lock_release_recursive
                0x0000000008001914        0x4 /home/mateus/Ac6/SystemWorkbench/plugins/fr.ac6.mcu.externaltools.arm-none.linux64_1.15.0.201708311556/tools/compiler/bin/../lib/gcc/arm-none-eabi/6.3.1/../../../../arm-none-eabi/lib/thumb/v6-m/libc.a(lib_a-lock.o)
                0x0000000008001914                __retarget_lock_release_recursive
 .text.__register_exitproc
                0x0000000008001918       0xf4 /home/mateus/Ac6/SystemWorkbench/plugins/fr.ac6.mcu.externaltools.arm-none.linux64_1.15.0.201708311556/tools/compiler/bin/../lib/gcc/arm-none-eabi/6.3.1/../../../../arm-none-eabi/lib/thumb/v6-m/libc.a(lib_a-__atexit.o)
                0x0000000008001918                __register_exitproc
 *(.glue_7)
 .glue_7        0x0000000008001a0c        0x0 linker stubs
 *(.glue_7t)
 .glue_7t       0x0000000008001a0c        0x0 linker stubs
 *(.eh_frame)
 .eh_frame      0x0000000008001a0c        0x0 /home/mateus/Ac6/SystemWorkbench/plugins/fr.ac6.mcu.externaltools.arm-none.linux64_1.15.0.201708311556/tools/compiler/bin/../lib/gcc/arm-none-eabi/6.3.1/thumb/v6-m/crtbegin.o
 *(.init)
 .init          0x0000000008001a0c        0x4 /home/mateus/Ac6/SystemWorkbench/plugins/fr.ac6.mcu.externaltools.arm-none.linux64_1.15.0.201708311556/tools/compiler/bin/../lib/gcc/arm-none-eabi/6.3.1/thumb/v6-m/crti.o
                0x0000000008001a0c                _init
 .init          0x0000000008001a10        0x8 /home/mateus/Ac6/SystemWorkbench/plugins/fr.ac6.mcu.externaltools.arm-none.linux64_1.15.0.201708311556/tools/compiler/bin/../lib/gcc/arm-none-eabi/6.3.1/thumb/v6-m/crtn.o
 *(.fini)
 .fini          0x0000000008001a18        0x4 /home/mateus/Ac6/SystemWorkbench/plugins/fr.ac6.mcu.externaltools.arm-none.linux64_1.15.0.201708311556/tools/compiler/bin/../lib/gcc/arm-none-eabi/6.3.1/thumb/v6-m/crti.o
                0x0000000008001a18                _fini
 .fini          0x0000000008001a1c        0x8 /home/mateus/Ac6/SystemWorkbench/plugins/fr.ac6.mcu.externaltools.arm-none.linux64_1.15.0.201708311556/tools/compiler/bin/../lib/gcc/arm-none-eabi/6.3.1/thumb/v6-m/crtn.o
                0x0000000008001a24                . = ALIGN (0x4)
                0x0000000008001a24                _etext = .

.vfp11_veneer   0x0000000008001a24        0x0
 .vfp11_veneer  0x0000000008001a24        0x0 linker stubs

.v4_bx          0x0000000008001a24        0x0
 .v4_bx         0x0000000008001a24        0x0 linker stubs

.iplt           0x0000000008001a24        0x0
 .iplt          0x0000000008001a24        0x0 /home/mateus/Ac6/SystemWorkbench/plugins/fr.ac6.mcu.externaltools.arm-none.linux64_1.15.0.201708311556/tools/compiler/bin/../lib/gcc/arm-none-eabi/6.3.1/thumb/v6-m/crtbegin.o

.rodata         0x0000000008001a24       0x3c
                0x0000000008001a24                . = ALIGN (0x4)
 *(.rodata)
 .rodata        0x0000000008001a24       0x37 src/main.o
 *(.rodata*)
 *fill*         0x0000000008001a5b        0x1 
 .rodata._global_impure_ptr
                0x0000000008001a5c        0x4 /home/mateus/Ac6/SystemWorkbench/plugins/fr.ac6.mcu.externaltools.arm-none.linux64_1.15.0.201708311556/tools/compiler/bin/../lib/gcc/arm-none-eabi/6.3.1/../../../../arm-none-eabi/lib/thumb/v6-m/libc.a(lib_a-impure.o)
                0x0000000008001a5c                _global_impure_ptr
                0x0000000008001a60                . = ALIGN (0x4)

.rel.dyn        0x0000000008001a60        0x0
 .rel.iplt      0x0000000008001a60        0x0 /home/mateus/Ac6/SystemWorkbench/plugins/fr.ac6.mcu.externaltools.arm-none.linux64_1.15.0.201708311556/tools/compiler/bin/../lib/gcc/arm-none-eabi/6.3.1/thumb/v6-m/crtbegin.o

.ARM.extab      0x0000000008001a60        0x0
                0x0000000008001a60                . = ALIGN (0x4)
 *(.ARM.extab* .gnu.linkonce.armextab.*)
                0x0000000008001a60                . = ALIGN (0x4)

.ARM            0x0000000008001a60        0x0
                0x0000000008001a60                . = ALIGN (0x4)
                0x0000000008001a60                __exidx_start = .
 *(.ARM.exidx*)
                0x0000000008001a60                __exidx_end = .
                0x0000000008001a60                . = ALIGN (0x4)

.preinit_array  0x0000000008001a60        0x0
                0x0000000008001a60                . = ALIGN (0x4)
                0x0000000008001a60                PROVIDE (__preinit_array_start, .)
 *(.preinit_array*)
                0x0000000008001a60                PROVIDE (__preinit_array_end, .)
                0x0000000008001a60                . = ALIGN (0x4)

.init_array     0x0000000008001a60        0x8
                0x0000000008001a60                . = ALIGN (0x4)
                0x0000000008001a60                PROVIDE (__init_array_start, .)
 *(SORT(.init_array.*))
 .init_array.00000
                0x0000000008001a60        0x4 /home/mateus/Ac6/SystemWorkbench/plugins/fr.ac6.mcu.externaltools.arm-none.linux64_1.15.0.201708311556/tools/compiler/bin/../lib/gcc/arm-none-eabi/6.3.1/../../../../arm-none-eabi/lib/thumb/v6-m/libc.a(lib_a-__call_atexit.o)
 *(.init_array*)
 .init_array    0x0000000008001a64        0x4 /home/mateus/Ac6/SystemWorkbench/plugins/fr.ac6.mcu.externaltools.arm-none.linux64_1.15.0.201708311556/tools/compiler/bin/../lib/gcc/arm-none-eabi/6.3.1/thumb/v6-m/crtbegin.o
                0x0000000008001a68                PROVIDE (__init_array_end, .)
                0x0000000008001a68                . = ALIGN (0x4)

.fini_array     0x0000000008001a68        0x4
                0x0000000008001a68                . = ALIGN (0x4)
                0x0000000008001a68                PROVIDE (__fini_array_start, .)
 *(SORT(.fini_array.*))
 *(.fini_array*)
 .fini_array    0x0000000008001a68        0x4 /home/mateus/Ac6/SystemWorkbench/plugins/fr.ac6.mcu.externaltools.arm-none.linux64_1.15.0.201708311556/tools/compiler/bin/../lib/gcc/arm-none-eabi/6.3.1/thumb/v6-m/crtbegin.o
                0x0000000008001a6c                PROVIDE (__fini_array_end, .)
                0x0000000008001a6c                . = ALIGN (0x4)
                0x0000000008001a6c                _sidata = LOADADDR (.data)

.data           0x0000000020000000      0x454 load address 0x0000000008001a6c
                0x0000000020000000                . = ALIGN (0x4)
                0x0000000020000000                _sdata = .
 *(.data)
 .data          0x0000000020000000       0x10 StdPeriph_Driver/src/stm32f0xx_rcc.o
 .data          0x0000000020000010       0x14 src/system_stm32f0xx.o
                0x0000000020000010                SystemCoreClock
                0x0000000020000014                AHBPrescTable
 *(.data*)
 *fill*         0x0000000020000024        0x4 
 .data.impure_data
                0x0000000020000028      0x428 /home/mateus/Ac6/SystemWorkbench/plugins/fr.ac6.mcu.externaltools.arm-none.linux64_1.15.0.201708311556/tools/compiler/bin/../lib/gcc/arm-none-eabi/6.3.1/../../../../arm-none-eabi/lib/thumb/v6-m/libc.a(lib_a-impure.o)
 .data.__atexit_recursive_mutex
                0x0000000020000450        0x4 /home/mateus/Ac6/SystemWorkbench/plugins/fr.ac6.mcu.externaltools.arm-none.linux64_1.15.0.201708311556/tools/compiler/bin/../lib/gcc/arm-none-eabi/6.3.1/../../../../arm-none-eabi/lib/thumb/v6-m/libc.a(lib_a-__call_atexit.o)
                0x0000000020000450                __atexit_recursive_mutex
                0x0000000020000454                . = ALIGN (0x4)
                0x0000000020000454                _edata = .

.jcr            0x0000000020000454        0x0 load address 0x0000000008001ec0
 .jcr           0x0000000020000454        0x0 /home/mateus/Ac6/SystemWorkbench/plugins/fr.ac6.mcu.externaltools.arm-none.linux64_1.15.0.201708311556/tools/compiler/bin/../lib/gcc/arm-none-eabi/6.3.1/thumb/v6-m/crtbegin.o

.igot.plt       0x0000000020000454        0x0 load address 0x0000000008001ec0
 .igot.plt      0x0000000020000454        0x0 /home/mateus/Ac6/SystemWorkbench/plugins/fr.ac6.mcu.externaltools.arm-none.linux64_1.15.0.201708311556/tools/compiler/bin/../lib/gcc/arm-none-eabi/6.3.1/thumb/v6-m/crtbegin.o
                0x0000000020000454                . = ALIGN (0x4)

.bss            0x0000000020000458       0x4c load address 0x0000000008001ec0
                0x0000000020000458                _sbss = .
                0x0000000020000458                __bss_start__ = _sbss
 *(.bss)
 .bss           0x0000000020000458       0x1c /home/mateus/Ac6/SystemWorkbench/plugins/fr.ac6.mcu.externaltools.arm-none.linux64_1.15.0.201708311556/tools/compiler/bin/../lib/gcc/arm-none-eabi/6.3.1/thumb/v6-m/crtbegin.o
 *fill*         0x0000000020000474        0x4 
 .bss           0x0000000020000478        0x8 src/main.o
                0x0000000020000478                Milliseconds
 *(.bss*)
 *(COMMON)
 COMMON         0x0000000020000480       0x21 /home/mateus/Ac6/SystemWorkbench/plugins/fr.ac6.mcu.externaltools.arm-none.linux64_1.15.0.201708311556/tools/compiler/bin/../lib/gcc/arm-none-eabi/6.3.1/../../../../arm-none-eabi/lib/thumb/v6-m/libc.a(lib_a-lock.o)
                0x0000000020000480                __lock___atexit_recursive_mutex
                0x0000000020000484                __lock___arc4random_mutex
                0x0000000020000488                __lock___env_recursive_mutex
                0x000000002000048c                __lock___sinit_recursive_mutex
                0x0000000020000490                __lock___malloc_recursive_mutex
                0x0000000020000494                __lock___at_quick_exit_mutex
                0x0000000020000498                __lock___dd_hash_mutex
                0x000000002000049c                __lock___tz_mutex
                0x00000000200004a0                __lock___sfp_recursive_mutex
                0x00000000200004a4                . = ALIGN (0x4)
 *fill*         0x00000000200004a1        0x3 
                0x00000000200004a4                _ebss = .
                0x00000000200004a4                __bss_end__ = _ebss

._user_heap_stack
                0x00000000200004a4      0x404 load address 0x0000000008001ec0
                0x00000000200004a8                . = ALIGN (0x8)
 *fill*         0x00000000200004a4        0x4 
                0x00000000200004a8                PROVIDE (end, .)
                [!provide]                        PROVIDE (_end, .)
                0x00000000200004a8                . = (. + _Min_Heap_Size)
                0x00000000200008a8                . = (. + _Min_Stack_Size)
 *fill*         0x00000000200004a8      0x400 
                0x00000000200008a8                . = ALIGN (0x8)

/DISCARD/
 libc.a(*)
 libm.a(*)
 libgcc.a(*)

.ARM.attributes
                0x0000000000000000       0x28
 *(.ARM.attributes)
 .ARM.attributes
                0x0000000000000000       0x1e /home/mateus/Ac6/SystemWorkbench/plugins/fr.ac6.mcu.externaltools.arm-none.linux64_1.15.0.201708311556/tools/compiler/bin/../lib/gcc/arm-none-eabi/6.3.1/thumb/v6-m/crti.o
 .ARM.attributes
                0x000000000000001e       0x2c /home/mateus/Ac6/SystemWorkbench/plugins/fr.ac6.mcu.externaltools.arm-none.linux64_1.15.0.201708311556/tools/compiler/bin/../lib/gcc/arm-none-eabi/6.3.1/thumb/v6-m/crtbegin.o
 .ARM.attributes
                0x000000000000004a       0x31 StdPeriph_Driver/src/stm32f0xx_gpio.o
 .ARM.attributes
                0x000000000000007b       0x31 StdPeriph_Driver/src/stm32f0xx_misc.o
 .ARM.attributes
                0x00000000000000ac       0x31 StdPeriph_Driver/src/stm32f0xx_rcc.o
 .ARM.attributes
                0x00000000000000dd       0x31 StdPeriph_Driver/src/stm32f0xx_tim.o
 .ARM.attributes
                0x000000000000010e       0x31 StdPeriph_Driver/src/stm32f0xx_usart.o
 .ARM.attributes
                0x000000000000013f       0x31 src/delay.o
 .ARM.attributes
                0x0000000000000170       0x31 src/gpio.o
 .ARM.attributes
                0x00000000000001a1       0x31 src/ibutton.o
 .ARM.attributes
                0x00000000000001d2       0x31 src/main.o
 .ARM.attributes
                0x0000000000000203       0x31 src/oneWire.o
 .ARM.attributes
                0x0000000000000234       0x31 src/system_stm32f0xx.o
 .ARM.attributes
                0x0000000000000265       0x31 src/usart.o
 .ARM.attributes
                0x0000000000000296       0x21 startup/startup_stm32f042.o
 .ARM.attributes
                0x00000000000002b7       0x1e /home/mateus/Ac6/SystemWorkbench/plugins/fr.ac6.mcu.externaltools.arm-none.linux64_1.15.0.201708311556/tools/compiler/bin/../lib/gcc/arm-none-eabi/6.3.1/thumb/v6-m/libgcc.a(_udivsi3.o)
 .ARM.attributes
                0x00000000000002d5       0x1e /home/mateus/Ac6/SystemWorkbench/plugins/fr.ac6.mcu.externaltools.arm-none.linux64_1.15.0.201708311556/tools/compiler/bin/../lib/gcc/arm-none-eabi/6.3.1/thumb/v6-m/libgcc.a(_dvmd_tls.o)
 .ARM.attributes
                0x00000000000002f3       0x2c /home/mateus/Ac6/SystemWorkbench/plugins/fr.ac6.mcu.externaltools.arm-none.linux64_1.15.0.201708311556/tools/compiler/bin/../lib/gcc/arm-none-eabi/6.3.1/../../../../arm-none-eabi/lib/thumb/v6-m/libc.a(lib_a-impure.o)
 .ARM.attributes
                0x000000000000031f       0x2c /home/mateus/Ac6/SystemWorkbench/plugins/fr.ac6.mcu.externaltools.arm-none.linux64_1.15.0.201708311556/tools/compiler/bin/../lib/gcc/arm-none-eabi/6.3.1/../../../../arm-none-eabi/lib/thumb/v6-m/libc.a(lib_a-init.o)
 .ARM.attributes
                0x000000000000034b       0x2c /home/mateus/Ac6/SystemWorkbench/plugins/fr.ac6.mcu.externaltools.arm-none.linux64_1.15.0.201708311556/tools/compiler/bin/../lib/gcc/arm-none-eabi/6.3.1/../../../../arm-none-eabi/lib/thumb/v6-m/libc.a(lib_a-__call_atexit.o)
 .ARM.attributes
                0x0000000000000377       0x2c /home/mateus/Ac6/SystemWorkbench/plugins/fr.ac6.mcu.externaltools.arm-none.linux64_1.15.0.201708311556/tools/compiler/bin/../lib/gcc/arm-none-eabi/6.3.1/../../../../arm-none-eabi/lib/thumb/v6-m/libc.a(lib_a-atexit.o)
 .ARM.attributes
                0x00000000000003a3       0x2c /home/mateus/Ac6/SystemWorkbench/plugins/fr.ac6.mcu.externaltools.arm-none.linux64_1.15.0.201708311556/tools/compiler/bin/../lib/gcc/arm-none-eabi/6.3.1/../../../../arm-none-eabi/lib/thumb/v6-m/libc.a(lib_a-fini.o)
 .ARM.attributes
                0x00000000000003cf       0x2c /home/mateus/Ac6/SystemWorkbench/plugins/fr.ac6.mcu.externaltools.arm-none.linux64_1.15.0.201708311556/tools/compiler/bin/../lib/gcc/arm-none-eabi/6.3.1/../../../../arm-none-eabi/lib/thumb/v6-m/libc.a(lib_a-lock.o)
 .ARM.attributes
                0x00000000000003fb       0x2c /home/mateus/Ac6/SystemWorkbench/plugins/fr.ac6.mcu.externaltools.arm-none.linux64_1.15.0.201708311556/tools/compiler/bin/../lib/gcc/arm-none-eabi/6.3.1/../../../../arm-none-eabi/lib/thumb/v6-m/libc.a(lib_a-__atexit.o)
 .ARM.attributes
                0x0000000000000427       0x1e /home/mateus/Ac6/SystemWorkbench/plugins/fr.ac6.mcu.externaltools.arm-none.linux64_1.15.0.201708311556/tools/compiler/bin/../lib/gcc/arm-none-eabi/6.3.1/thumb/v6-m/crtn.o
OUTPUT(my_project.elf elf32-littlearm)

.debug_info     0x0000000000000000     0x5b88
 .debug_info    0x0000000000000000      0x5fa StdPeriph_Driver/src/stm32f0xx_gpio.o
 .debug_info    0x00000000000005fa      0x376 StdPeriph_Driver/src/stm32f0xx_misc.o
 .debug_info    0x0000000000000970      0xa6f StdPeriph_Driver/src/stm32f0xx_rcc.o
 .debug_info    0x00000000000013df     0x1c86 StdPeriph_Driver/src/stm32f0xx_tim.o
 .debug_info    0x0000000000003065      0xe6f StdPeriph_Driver/src/stm32f0xx_usart.o
 .debug_info    0x0000000000003ed4      0x4a5 src/delay.o
 .debug_info    0x0000000000004379      0x30b src/gpio.o
 .debug_info    0x0000000000004684      0x292 src/ibutton.o
 .debug_info    0x0000000000004916      0x56d src/main.o
 .debug_info    0x0000000000004e83      0x30d src/oneWire.o
 .debug_info    0x0000000000005190      0x30c src/system_stm32f0xx.o
 .debug_info    0x000000000000549c      0x681 src/usart.o
 .debug_info    0x0000000000005b1d       0x6b startup/startup_stm32f042.o

.debug_abbrev   0x0000000000000000     0x118e
 .debug_abbrev  0x0000000000000000      0x19b StdPeriph_Driver/src/stm32f0xx_gpio.o
 .debug_abbrev  0x000000000000019b      0x143 StdPeriph_Driver/src/stm32f0xx_misc.o
 .debug_abbrev  0x00000000000002de      0x204 StdPeriph_Driver/src/stm32f0xx_rcc.o
 .debug_abbrev  0x00000000000004e2      0x18c StdPeriph_Driver/src/stm32f0xx_tim.o
 .debug_abbrev  0x000000000000066e      0x174 StdPeriph_Driver/src/stm32f0xx_usart.o
 .debug_abbrev  0x00000000000007e2      0x14b src/delay.o
 .debug_abbrev  0x000000000000092d      0x115 src/gpio.o
 .debug_abbrev  0x0000000000000a42      0x12f src/ibutton.o
 .debug_abbrev  0x0000000000000b71      0x1bc src/main.o
 .debug_abbrev  0x0000000000000d2d      0x158 src/oneWire.o
 .debug_abbrev  0x0000000000000e85      0x159 src/system_stm32f0xx.o
 .debug_abbrev  0x0000000000000fde      0x19e src/usart.o
 .debug_abbrev  0x000000000000117c       0x12 startup/startup_stm32f042.o

.debug_aranges  0x0000000000000000      0x898
 .debug_aranges
                0x0000000000000000       0x80 StdPeriph_Driver/src/stm32f0xx_gpio.o
 .debug_aranges
                0x0000000000000080       0x30 StdPeriph_Driver/src/stm32f0xx_misc.o
 .debug_aranges
                0x00000000000000b0      0x160 StdPeriph_Driver/src/stm32f0xx_rcc.o
 .debug_aranges
                0x0000000000000210      0x300 StdPeriph_Driver/src/stm32f0xx_tim.o
 .debug_aranges
                0x0000000000000510      0x1a0 StdPeriph_Driver/src/stm32f0xx_usart.o
 .debug_aranges
                0x00000000000006b0       0x48 src/delay.o
 .debug_aranges
                0x00000000000006f8       0x20 src/gpio.o
 .debug_aranges
                0x0000000000000718       0x38 src/ibutton.o
 .debug_aranges
                0x0000000000000750       0x40 src/main.o
 .debug_aranges
                0x0000000000000790       0x58 src/oneWire.o
 .debug_aranges
                0x00000000000007e8       0x30 src/system_stm32f0xx.o
 .debug_aranges
                0x0000000000000818       0x58 src/usart.o
 .debug_aranges
                0x0000000000000870       0x28 startup/startup_stm32f042.o

.debug_ranges   0x0000000000000000      0x7d0
 .debug_ranges  0x0000000000000000       0x70 StdPeriph_Driver/src/stm32f0xx_gpio.o
 .debug_ranges  0x0000000000000070       0x20 StdPeriph_Driver/src/stm32f0xx_misc.o
 .debug_ranges  0x0000000000000090      0x150 StdPeriph_Driver/src/stm32f0xx_rcc.o
 .debug_ranges  0x00000000000001e0      0x2f0 StdPeriph_Driver/src/stm32f0xx_tim.o
 .debug_ranges  0x00000000000004d0      0x190 StdPeriph_Driver/src/stm32f0xx_usart.o
 .debug_ranges  0x0000000000000660       0x38 src/delay.o
 .debug_ranges  0x0000000000000698       0x10 src/gpio.o
 .debug_ranges  0x00000000000006a8       0x28 src/ibutton.o
 .debug_ranges  0x00000000000006d0       0x30 src/main.o
 .debug_ranges  0x0000000000000700       0x48 src/oneWire.o
 .debug_ranges  0x0000000000000748       0x20 src/system_stm32f0xx.o
 .debug_ranges  0x0000000000000768       0x48 src/usart.o
 .debug_ranges  0x00000000000007b0       0x20 startup/startup_stm32f042.o

.debug_macro    0x0000000000000000     0x25bb
 .debug_macro   0x0000000000000000      0x18e StdPeriph_Driver/src/stm32f0xx_gpio.o
 .debug_macro   0x000000000000018e      0x17f StdPeriph_Driver/src/stm32f0xx_gpio.o
 .debug_macro   0x000000000000030d      0x18a StdPeriph_Driver/src/stm32f0xx_misc.o
 .debug_macro   0x0000000000000497       0x34 StdPeriph_Driver/src/stm32f0xx_misc.o
 .debug_macro   0x00000000000004cb      0x1a8 StdPeriph_Driver/src/stm32f0xx_rcc.o
 .debug_macro   0x0000000000000673      0x55b StdPeriph_Driver/src/stm32f0xx_rcc.o
 .debug_macro   0x0000000000000bce      0x1aa StdPeriph_Driver/src/stm32f0xx_tim.o
 .debug_macro   0x0000000000000d78      0x74a StdPeriph_Driver/src/stm32f0xx_tim.o
 .debug_macro   0x00000000000014c2      0x1a6 StdPeriph_Driver/src/stm32f0xx_usart.o
 .debug_macro   0x0000000000001668      0x350 StdPeriph_Driver/src/stm32f0xx_usart.o
 .debug_macro   0x00000000000019b8      0x197 src/delay.o
 .debug_macro   0x0000000000001b4f       0x16 src/delay.o
 .debug_macro   0x0000000000001b65      0x18a src/gpio.o
 .debug_macro   0x0000000000001cef      0x1c4 src/ibutton.o
 .debug_macro   0x0000000000001eb3       0x28 src/ibutton.o
 .debug_macro   0x0000000000001edb       0x46 src/ibutton.o
 .debug_macro   0x0000000000001f21      0x1c3 src/main.o
 .debug_macro   0x00000000000020e4      0x1be src/oneWire.o
 .debug_macro   0x00000000000022a2      0x180 src/system_stm32f0xx.o
 .debug_macro   0x0000000000002422      0x199 src/usart.o

.debug_line     0x0000000000000000     0x5bec
 .debug_line    0x0000000000000000      0x700 StdPeriph_Driver/src/stm32f0xx_gpio.o
 .debug_line    0x0000000000000700      0x5ef StdPeriph_Driver/src/stm32f0xx_misc.o
 .debug_line    0x0000000000000cef      0x963 StdPeriph_Driver/src/stm32f0xx_rcc.o
 .debug_line    0x0000000000001652      0xe70 StdPeriph_Driver/src/stm32f0xx_tim.o
 .debug_line    0x00000000000024c2      0xa04 StdPeriph_Driver/src/stm32f0xx_usart.o
 .debug_line    0x0000000000002ec6      0x650 src/delay.o
 .debug_line    0x0000000000003516      0x5a7 src/gpio.o
 .debug_line    0x0000000000003abd      0x6a5 src/ibutton.o
 .debug_line    0x0000000000004162      0x6a9 src/main.o
 .debug_line    0x000000000000480b      0x6ba src/oneWire.o
 .debug_line    0x0000000000004ec5      0x621 src/system_stm32f0xx.o
 .debug_line    0x00000000000054e6      0x672 src/usart.o
 .debug_line    0x0000000000005b58       0x94 startup/startup_stm32f042.o

.debug_str      0x0000000000000000    0x4ae55
 .debug_str     0x0000000000000000    0x48b2c StdPeriph_Driver/src/stm32f0xx_gpio.o
                                      0x48cda (size before relaxing)
 .debug_str     0x0000000000048b2c      0x16d StdPeriph_Driver/src/stm32f0xx_misc.o
                                      0x48b44 (size before relaxing)
 .debug_str     0x0000000000048c99      0x67a StdPeriph_Driver/src/stm32f0xx_rcc.o
                                      0x490ab (size before relaxing)
 .debug_str     0x0000000000049313      0xc23 StdPeriph_Driver/src/stm32f0xx_tim.o
                                      0x496ad (size before relaxing)
 .debug_str     0x0000000000049f36      0x7fc StdPeriph_Driver/src/stm32f0xx_usart.o
                                      0x49302 (size before relaxing)
 .debug_str     0x000000000004a732       0xb4 src/delay.o
                                      0x48c8e (size before relaxing)
 .debug_str     0x000000000004a7e6       0x29 src/gpio.o
                                      0x48b9a (size before relaxing)
 .debug_str     0x000000000004a80f      0x296 src/ibutton.o
                                      0x48c42 (size before relaxing)
 .debug_str     0x000000000004aaa5      0x1c9 src/main.o
                                      0x48ecc (size before relaxing)
 .debug_str     0x000000000004ac6e       0xb5 src/oneWire.o
                                      0x48b9e (size before relaxing)
 .debug_str     0x000000000004ad23       0x6b src/system_stm32f0xx.o
                                      0x48ac4 (size before relaxing)
 .debug_str     0x000000000004ad8e       0xc7 src/usart.o
                                      0x4903a (size before relaxing)

.comment        0x0000000000000000       0x7f
 .comment       0x0000000000000000       0x7f StdPeriph_Driver/src/stm32f0xx_gpio.o
                                         0x80 (size before relaxing)
 .comment       0x000000000000007f       0x80 StdPeriph_Driver/src/stm32f0xx_misc.o
 .comment       0x000000000000007f       0x80 StdPeriph_Driver/src/stm32f0xx_rcc.o
 .comment       0x000000000000007f       0x80 StdPeriph_Driver/src/stm32f0xx_tim.o
 .comment       0x000000000000007f       0x80 StdPeriph_Driver/src/stm32f0xx_usart.o
 .comment       0x000000000000007f       0x80 src/delay.o
 .comment       0x000000000000007f       0x80 src/gpio.o
 .comment       0x000000000000007f       0x80 src/ibutton.o
 .comment       0x000000000000007f       0x80 src/main.o
 .comment       0x000000000000007f       0x80 src/oneWire.o
 .comment       0x000000000000007f       0x80 src/system_stm32f0xx.o
 .comment       0x000000000000007f       0x80 src/usart.o

.debug_frame    0x0000000000000000     0x1fb8
 .debug_frame   0x0000000000000000      0x1b0 StdPeriph_Driver/src/stm32f0xx_gpio.o
 .debug_frame   0x00000000000001b0       0x70 StdPeriph_Driver/src/stm32f0xx_misc.o
 .debug_frame   0x0000000000000220      0x524 StdPeriph_Driver/src/stm32f0xx_rcc.o
 .debug_frame   0x0000000000000744      0xbb0 StdPeriph_Driver/src/stm32f0xx_tim.o
 .debug_frame   0x00000000000012f4      0x630 StdPeriph_Driver/src/stm32f0xx_usart.o
 .debug_frame   0x0000000000001924       0xcc src/delay.o
 .debug_frame   0x00000000000019f0       0x30 src/gpio.o
 .debug_frame   0x0000000000001a20       0x8c src/ibutton.o
 .debug_frame   0x0000000000001aac       0xb0 src/main.o
 .debug_frame   0x0000000000001b5c      0x108 src/oneWire.o
 .debug_frame   0x0000000000001c64       0x6c src/system_stm32f0xx.o
 .debug_frame   0x0000000000001cd0      0x108 src/usart.o
 .debug_frame   0x0000000000001dd8       0x20 /home/mateus/Ac6/SystemWorkbench/plugins/fr.ac6.mcu.externaltools.arm-none.linux64_1.15.0.201708311556/tools/compiler/bin/../lib/gcc/arm-none-eabi/6.3.1/thumb/v6-m/libgcc.a(_udivsi3.o)
 .debug_frame   0x0000000000001df8       0x2c /home/mateus/Ac6/SystemWorkbench/plugins/fr.ac6.mcu.externaltools.arm-none.linux64_1.15.0.201708311556/tools/compiler/bin/../lib/gcc/arm-none-eabi/6.3.1/../../../../arm-none-eabi/lib/thumb/v6-m/libc.a(lib_a-init.o)
 .debug_frame   0x0000000000001e24       0x54 /home/mateus/Ac6/SystemWorkbench/plugins/fr.ac6.mcu.externaltools.arm-none.linux64_1.15.0.201708311556/tools/compiler/bin/../lib/gcc/arm-none-eabi/6.3.1/../../../../arm-none-eabi/lib/thumb/v6-m/libc.a(lib_a-__call_atexit.o)
 .debug_frame   0x0000000000001e78       0x28 /home/mateus/Ac6/SystemWorkbench/plugins/fr.ac6.mcu.externaltools.arm-none.linux64_1.15.0.201708311556/tools/compiler/bin/../lib/gcc/arm-none-eabi/6.3.1/../../../../arm-none-eabi/lib/thumb/v6-m/libc.a(lib_a-atexit.o)
 .debug_frame   0x0000000000001ea0       0x2c /home/mateus/Ac6/SystemWorkbench/plugins/fr.ac6.mcu.externaltools.arm-none.linux64_1.15.0.201708311556/tools/compiler/bin/../lib/gcc/arm-none-eabi/6.3.1/../../../../arm-none-eabi/lib/thumb/v6-m/libc.a(lib_a-fini.o)
 .debug_frame   0x0000000000001ecc       0xb0 /home/mateus/Ac6/SystemWorkbench/plugins/fr.ac6.mcu.externaltools.arm-none.linux64_1.15.0.201708311556/tools/compiler/bin/../lib/gcc/arm-none-eabi/6.3.1/../../../../arm-none-eabi/lib/thumb/v6-m/libc.a(lib_a-lock.o)
 .debug_frame   0x0000000000001f7c       0x3c /home/mateus/Ac6/SystemWorkbench/plugins/fr.ac6.mcu.externaltools.arm-none.linux64_1.15.0.201708311556/tools/compiler/bin/../lib/gcc/arm-none-eabi/6.3.1/../../../../arm-none-eabi/lib/thumb/v6-m/libc.a(lib_a-__atexit.o)
